// Jest Snapshot v1, https://goo.gl/fbAQLP

exports[`<Calendar /> renders correctly 1`] = `
<div
  className="calendar"
>
  Calendar
</div>
`;
