// Jest Snapshot v1, https://goo.gl/fbAQLP

exports[`<Label /> renders correctly 1`] = `
<label
  className="label"
  htmlFor="my_label"
  style={
    Object {
      "display": "inline-block",
      "marginRight": "10px",
    }
  }
>
  Sign in
   
</label>
`;
