// Jest Snapshot v1, https://goo.gl/fbAQLP

exports[`<Button /> renders correctly 1`] = `
<input
  className="btn info"
  type="submit"
  value="Submit"
/>
`;
