// Jest Snapshot v1, https://goo.gl/fbAQLP

exports[`<Panel /> renders correctly 1`] = `
<div
  className="panel"
>
  Panel
</div>
`;
