// Jest Snapshot v1, https://goo.gl/fbAQLP

exports[`<ProgressBar /> renders correctly 1`] = `
<div
  className="progressBar"
>
  ProgressBar
</div>
`;
