// Jest Snapshot v1, https://goo.gl/fbAQLP

exports[`<Well /> renders correctly 1`] = `<div />`;
